// Jest Snapshot v1, https://goo.gl/fbAQLP

exports[`testinf the compomnenet called shoul render an specific HTML  1`] = `
<form
  onSubmit={[Function]}
>
  <p>
    punch
  </p>
  <input
    onChange={[Function]}
    type="text"
    value="punch"
  />
</form>
`;
